// Jest Snapshot v1, https://goo.gl/fbAQLP

exports[`App renders without crashing given the required props 1`] = `
<div>
  <Picker
    onChange={[Function]}
    options={
      Array [
        "reactjs",
        "frontend",
      ]
    }
    value="reactjs"
  />
  <p>
    <button
      onClick={[Function]}
    >
      Refresh
    </button>
  </p>
  <h2>
    Empty.
  </h2>
</div>
`;
